// Jest Snapshot v1, https://goo.gl/fbAQLP

exports[`App render correctly text component 1`] = `
Object {
  "foo": "bar",
}
`;
